📂 正在加载文件...

文件1: evaluation_results_gate.xlsx
  📄 可用工作表: ['Sheet1', '平均值和标准差', '详细结果（40张图像）', '所有指标汇总']
  🔍 自动检测到表头在第 1 行
  ✅ 成功读取: 0 行 x 0 列
  ⚠️  警告: 没有找到列名！

文件2: evaluation_results_my1111.xlsx
  📄 可用工作表: ['Sheet1', '平均值和标准差', '详细结果（40张图像）', '所有指标汇总']
  🔍 自动检测到表头在第 1 行
  ✅ 成功读取: 0 行 x 0 列
  ⚠️  警告: 没有找到列名！
  🔍 所有列名 (0 个): []
  ✅ 识别到 0 个指标列: []...
  🔍 所有列名 (0 个): []
  ✅ 识别到 0 个指标列: []...

📊 数据概览:
  文件1 (evaluation_results_gate): 0 行, 0 个指标
  文件2 (evaluation_results_my1111): 0 行, 0 个指标
  共同指标: 0 个
❌ 未找到共同的指标列！

⚠️  没有可比较的数据，请检查:
  1. Excel文件是否包含数据
  2. 两个文件是否有共同的列名
  3. 数据格式是否正确

文件1的列名: []
文件2的列名: []

✅ 完成！
